AST: #H(() ("web-app" #H(() ("servlet" #(#H(() ("servlet-name" "cofaxCDS") ("servlet-class" "org.cofax.cds.CDSServlet")
                                            ("init-param" #H(() ("dataStoreName" "cofax") ("cachePagesRefresh" 10.0) ("defaultListTemplate" "listTemplate.htm")
                                                             ("useJSP" :false) ("cachePagesDirtyRead" 10.0) ("useDataStore" :true)
                                                             ("cachePagesTrack" 200.0) ("dataStoreMaxConns" 100.0) ("cachePackageTagsStore" 200.0)
                                                             ("configGlossary:poweredBy" "Cofax") ("dataStoreInitConns" 10.0)
                                                             ("dataStorePassword" "dataStoreTestQuery") ("templateLoaderClass" "org.cofax.FilesTemplateLoader")
                                                             ("configGlossary:poweredByIcon" "/images/cofax.gif") ("dataStoreTestQuery" "SET NOCOUNT ON;select test='test';")
                                                             ("dataStoreConnUsageLimit" 100.0) ("dataStoreUrl" "jdbc:microsoft:sqlserver://LOCALHOST:1433;DatabaseName=goon")
                                                             ("redirectionClass" "org.cofax.SqlRedirection") ("dataStoreUser" "sa")
                                                             ("jspListTemplate" "listTemplate.jsp") ("configGlossary:adminEmail" "ksm@pobox.com")
                                                             ("cacheTemplatesTrack" 100.0) ("defaultFileTemplate" "articleTemplate.htm")
                                                             ("templateOverridePath" "") ("cachePagesStore" 100.0) ("templatePath" "templates")
                                                             ("configGlossary:installationAt" "Philadelphia, PA") ("dataStoreClass" "org.cofax.SqlDataStore")
                                                             ("cachePackageTagsTrack" 200.0) ("jspFileTemplate" "articleTemplate.jsp")
                                                             ("dataStoreLogFile" "/usr/local/tomcat/logs/datastore.log") ("cacheTemplatesRefresh" 15.0)
                                                             ("cacheTemplatesStore" 50.0) ("searchEngineRobotsDb" "WEB-INF/robots.db")
                                                             ("templateProcessorClass" "org.cofax.WysiwygTemplate") ("dataStoreDriver" "com.microsoft.jdbc.sqlserver.SQLServerDriver")
                                                             ("dataStoreLogLevel" "debug") ("cachePackageTagsRefresh" 60.0)
                                                             ("configGlossary:staticPath" "/content/static") ("maxUrlLength" 500.0)
                                                             ("searchEngineFileTemplate" "forSearchEngines.htm") ("searchEngineListTemplate" "forSearchEnginesList.htm"))))
                                         #H(() ("servlet-name" "cofaxEmail") ("servlet-class" "org.cofax.cds.EmailServlet")
                                            ("init-param" #H(() ("mailHost" "mail1") ("mailHostOverride" "mail2"))))
                                         #H(() ("servlet-name" "cofaxAdmin") ("servlet-class" "org.cofax.cds.AdminServlet"))
                                         #H(() ("servlet-name" "fileServlet") ("servlet-class" "org.cofax.cds.FileServlet"))
                                         #H(() ("servlet-name" "cofaxTools") ("servlet-class" "org.cofax.cms.CofaxToolsServlet")
                                            ("init-param" #H(() ("adminGroupID" 4.0) ("fileTransferFolder" "/usr/local/tomcat/webapps/content/fileTransferFolder")
                                                             ("lookInContext" 1.0) ("dataLogMaxSize" "") ("removePageCache" "/content/admin/remove?cache=pages&id=")
                                                             ("dataLogLocation" "/usr/local/tomcat/logs/dataLog.log") ("logMaxSize" "")
                                                             ("betaServer" :true) ("logLocation" "/usr/local/tomcat/logs/CofaxTools.log")
                                                             ("removeTemplateCache" "/content/admin/remove?cache=templates&id=")
                                                             ("templatePath" "toolstemplates/") ("dataLog" 1.0) ("log" 1.0))))))
                         ("taglib" #H(() ("taglib-uri" "cofax.tld") ("taglib-location" "/WEB-INF/tlds/cofax.tld")))
                         ("servlet-mapping" #H(() ("cofaxAdmin" "/admin/*") ("cofaxCDS" "/") ("fileServlet" "/static/*")
                                               ("cofaxEmail" "/cofaxutil/aemail/*") ("cofaxTools" "/tools/*"))))))

Unmatched junk: ""

AST: #("JSON Test Pattern pass1" #H(() ("object with 1 member" #("array with 1 element")))
       #H(()) #() -42.0 :true :false :null #H(() ("compact" #(1.0 2.0 3.0 4.0 5.0 6.0 7.0)) ("quotes" "&#34; \" %22 0x22 034 &#x22;")
                                              ("object" #H(())) ("0123456789" "digit") ("" 2.3456789012e76)
                                              ("ALPHA" "ABCDEFGHIJKLMNOPQRSTUVWYZ") ("digit" "0123456789")
                                              ("quote" "\"") (" s p a c e d " #(1.0 2.0 3.0 4.0 5.0 6.0 7.0))
                                              ("one" 1.0) ("alpha" "abcdefghijklmnopqrstuvwyz") ("E" 1.23456789e34)
                                              ("comment" "// /* <!-- --") ("special" "`1~!@#$%^&*()_+-={':[,]}|;.</>?")
                                              ("url" "http://www.JSON.org/") ("null" :null) ("hex" "ģ䕧覫췯ꯍ")
                                              ("controls" "\b\f\n\r\t") ("address" "50 St. James Street") ("# -- --> */" " ")
                                              ("\\/\\\\\"쫾몾ꮘﳞ볚\b\f\n\r\t`1~!@#$%^&*()_+-=[]{}|;:',./<>?" "A key can be any string")
                                              ("space" " ") ("e" 1.23456789e-13) ("real" -9876.54321) ("array" #())
                                              ("jsontext" "{\"object with 1 member\":[\"array with 1 element\"]}")
                                              ("zero" 0.0) ("false" :false) ("slash" "/ & \\/") ("integer" 1234567890.0)
                                              ("backslash" "\\\\") ("true" :true))
       0.5 98.6 99.44 1066.0 10.0 1.0 0.1 1.0 2.0 2.0 "rosebud")

Unmatched junk: ""

