UID[0]="root"
UID[1]="root"
UID[2]="root"
UID[3]="root"
UID[4]="root"
UID[5]="root"
UID[6]="root"
UID[7]="root"
UID[8]="root"
UID[9]="root"
UID[10]="root"
UID[11]="root"
UID[12]="root"
UID[13]="root"
UID[14]="root"
UID[15]="root"
UID[16]="root"
UID[17]="root"
UID[18]="rpc"
UID[19]="rpcuser"
UID[20]="root"
UID[21]="root"
UID[22]="root"
UID[23]="root"
UID[24]="root"
UID[25]="root"
UID[26]="root"
UID[27]="root"
UID[28]="root"
UID[29]="root"
UID[30]="root"
UID[31]="root"
UID[32]="root"
UID[33]="root"
UID[34]="root"
UID[35]="root"
UID[36]="root"
UID[37]="root"
UID[38]="root"
UID[39]="root"
UID[40]="xfs"
UID[41]="daemon"
UID[42]="dbus"
UID[43]="root"
UID[44]="root"
UID[45]="root"
UID[46]="root"
UID[47]="root"
UID[48]="root"
UID[49]="kaz"
UID[50]="kaz"
UID[51]="kaz"
UID[52]="kaz"
UID[53]="kaz"
UID[54]="kaz"
UID[55]="kaz"
UID[56]="kaz"
UID[57]="kaz"
UID[58]="kaz"
UID[59]="kaz"
UID[60]="kaz"
UID[61]="kaz"
UID[62]="kaz"
UID[63]="kaz"
UID[64]="kaz"
UID[65]="kaz"
UID[66]="kaz"
UID[67]="root"
UID[68]="kaz"
UID[69]="kaz"
UID[70]="kaz"
UID[71]="kaz"
UID[72]="kaz"
UID[73]="root"
UID[74]="root"
UID[75]="kaz"
UID[76]="kaz"
UID[77]="root"
UID[78]="kaz"
UID[79]="kaz"
UID[80]="root"
UID[81]="root"
UID[82]="root"
UID[83]="kaz"
UID[84]="kaz"
UID[85]="kaz"
PID[0]="1"
PID[1]="2"
PID[2]="3"
PID[3]="4"
PID[4]="5"
PID[5]="16"
PID[6]="29"
PID[7]="17"
PID[8]="28"
PID[9]="103"
PID[10]="175"
PID[11]="186"
PID[12]="870"
PID[13]="1068"
PID[14]="1235"
PID[15]="1236"
PID[16]="1620"
PID[17]="1624"
PID[18]="1645"
PID[19]="1665"
PID[20]="1698"
PID[21]="1766"
PID[22]="1790"
PID[23]="1791"
PID[24]="1821"
PID[25]="1839"
PID[26]="1851"
PID[27]="1887"
PID[28]="1902"
PID[29]="1921"
PID[30]="1925"
PID[31]="1926"
PID[32]="1927"
PID[33]="1928"
PID[34]="1929"
PID[35]="1930"
PID[36]="1931"
PID[37]="1932"
PID[38]="1936"
PID[39]="1963"
PID[40]="1989"
PID[41]="2008"
PID[42]="2027"
PID[43]="2041"
PID[44]="2052"
PID[45]="2062"
PID[46]="2124"
PID[47]="2184"
PID[48]="2354"
PID[49]="2551"
PID[50]="2579"
PID[51]="2625"
PID[52]="2626"
PID[53]="2631"
PID[54]="2634"
PID[55]="2636"
PID[56]="2638"
PID[57]="2644"
PID[58]="2661"
PID[59]="2685"
PID[60]="2689"
PID[61]="2691"
PID[62]="2693"
PID[63]="2695"
PID[64]="2698"
PID[65]="2701"
PID[66]="2707"
PID[67]="2717"
PID[68]="2718"
PID[69]="2720"
PID[70]="2722"
PID[71]="2726"
PID[72]="2728"
PID[73]="30737"
PID[74]="31905"
PID[75]="31907"
PID[76]="31908"
PID[77]="32672"
PID[78]="32674"
PID[79]="32675"
PID[80]="27121"
PID[81]="27243"
PID[82]="27682"
PID[83]="27684"
PID[84]="27685"
PID[85]="6481"
PPID[0]="0"
PPID[1]="1"
PPID[2]="1"
PPID[3]="3"
PPID[4]="3"
PPID[5]="3"
PPID[6]="3"
PPID[7]="1"
PPID[8]="1"
PPID[9]="1"
PPID[10]="1"
PPID[11]="1"
PPID[12]="1"
PPID[13]="1"
PPID[14]="1"
PPID[15]="1"
PPID[16]="1"
PPID[17]="1"
PPID[18]="1"
PPID[19]="1"
PPID[20]="1"
PPID[21]="1"
PPID[22]="1"
PPID[23]="1"
PPID[24]="1"
PPID[25]="1"
PPID[26]="1"
PPID[27]="1"
PPID[28]="1"
PPID[29]="1"
PPID[30]="1"
PPID[31]="1"
PPID[32]="1"
PPID[33]="1"
PPID[34]="1"
PPID[35]="1"
PPID[36]="1"
PPID[37]="1"
PPID[38]="1"
PPID[39]="1"
PPID[40]="1"
PPID[41]="1"
PPID[42]="1"
PPID[43]="1"
PPID[44]="1"
PPID[45]="1"
PPID[46]="1"
PPID[47]="2124"
PPID[48]="2184"
PPID[49]="2184"
PPID[50]="1"
PPID[51]="1"
PPID[52]="1"
PPID[53]="1"
PPID[54]="1"
PPID[55]="1"
PPID[56]="1"
PPID[57]="1"
PPID[58]="1"
PPID[59]="1"
PPID[60]="1"
PPID[61]="1"
PPID[62]="1"
PPID[63]="1"
PPID[64]="1"
PPID[65]="1"
PPID[66]="1"
PPID[67]="2701"
PPID[68]="1"
PPID[69]="1"
PPID[70]="1"
PPID[71]="1"
PPID[72]="1"
PPID[73]="1"
PPID[74]="1887"
PPID[75]="31905"
PPID[76]="31907"
PPID[77]="1887"
PPID[78]="32672"
PPID[79]="32674"
PPID[80]="3"
PPID[81]="3"
PPID[82]="1887"
PPID[83]="27682"
PPID[84]="27684"
PPID[85]="27685"
C[0]="0"
C[1]="0"
C[2]="0"
C[3]="0"
C[4]="0"
C[5]="0"
C[6]="0"
C[7]="0"
C[8]="0"
C[9]="0"
C[10]="0"
C[11]="0"
C[12]="0"
C[13]="0"
C[14]="0"
C[15]="0"
C[16]="0"
C[17]="0"
C[18]="0"
C[19]="0"
C[20]="0"
C[21]="0"
C[22]="0"
C[23]="0"
C[24]="0"
C[25]="0"
C[26]="0"
C[27]="0"
C[28]="0"
C[29]="0"
C[30]="0"
C[31]="0"
C[32]="0"
C[33]="0"
C[34]="0"
C[35]="0"
C[36]="0"
C[37]="0"
C[38]="0"
C[39]="0"
C[40]="0"
C[41]="0"
C[42]="0"
C[43]="0"
C[44]="0"
C[45]="0"
C[46]="0"
C[47]="0"
C[48]="1"
C[49]="0"
C[50]="0"
C[51]="0"
C[52]="0"
C[53]="0"
C[54]="0"
C[55]="0"
C[56]="0"
C[57]="0"
C[58]="0"
C[59]="0"
C[60]="0"
C[61]="0"
C[62]="0"
C[63]="0"
C[64]="0"
C[65]="0"
C[66]="1"
C[67]="0"
C[68]="0"
C[69]="0"
C[70]="0"
C[71]="0"
C[72]="0"
C[73]="0"
C[74]="0"
C[75]="0"
C[76]="0"
C[77]="0"
C[78]="0"
C[79]="0"
C[80]="0"
C[81]="0"
C[82]="0"
C[83]="0"
C[84]="0"
C[85]="0"
STIME[0]="Aug21"
STIME[1]="Aug21"
STIME[2]="Aug21"
STIME[3]="Aug21"
STIME[4]="Aug21"
STIME[5]="Aug21"
STIME[6]="Aug21"
STIME[7]="Aug21"
STIME[8]="Aug21"
STIME[9]="Aug21"
STIME[10]="Aug21"
STIME[11]="Aug21"
STIME[12]="Aug21"
STIME[13]="Aug21"
STIME[14]="Aug21"
STIME[15]="Aug21"
STIME[16]="Aug21"
STIME[17]="Aug21"
STIME[18]="Aug21"
STIME[19]="Aug21"
STIME[20]="Aug21"
STIME[21]="Aug21"
STIME[22]="Aug21"
STIME[23]="Aug21"
STIME[24]="Aug21"
STIME[25]="Aug21"
STIME[26]="Aug21"
STIME[27]="Aug21"
STIME[28]="Aug21"
STIME[29]="Aug21"
STIME[30]="Aug21"
STIME[31]="Aug21"
STIME[32]="Aug21"
STIME[33]="Aug21"
STIME[34]="Aug21"
STIME[35]="Aug21"
STIME[36]="Aug21"
STIME[37]="Aug21"
STIME[38]="Aug21"
STIME[39]="Aug21"
STIME[40]="Aug21"
STIME[41]="Aug21"
STIME[42]="Aug21"
STIME[43]="Aug21"
STIME[44]="Aug21"
STIME[45]="Aug21"
STIME[46]="Aug21"
STIME[47]="Aug21"
STIME[48]="Aug21"
STIME[49]="Aug21"
STIME[50]="Aug21"
STIME[51]="Aug21"
STIME[52]="Aug21"
STIME[53]="Aug21"
STIME[54]="Aug21"
STIME[55]="Aug21"
STIME[56]="Aug21"
STIME[57]="Aug21"
STIME[58]="Aug21"
STIME[59]="Aug21"
STIME[60]="Aug21"
STIME[61]="Aug21"
STIME[62]="Aug21"
STIME[63]="Aug21"
STIME[64]="Aug21"
STIME[65]="Aug21"
STIME[66]="Aug21"
STIME[67]="Aug21"
STIME[68]="Aug21"
STIME[69]="Aug21"
STIME[70]="Aug21"
STIME[71]="Aug21"
STIME[72]="Aug21"
STIME[73]="Aug26"
STIME[74]="Aug27"
STIME[75]="Aug27"
STIME[76]="Aug27"
STIME[77]="Aug27"
STIME[78]="Aug27"
STIME[79]="Aug27"
STIME[80]="Sep12"
STIME[81]="Sep12"
STIME[82]="Sep12"
STIME[83]="Sep12"
STIME[84]="Sep12"
STIME[85]="17:47"
TTY[0]="?"
TTY[1]="?"
TTY[2]="?"
TTY[3]="?"
TTY[4]="?"
TTY[5]="?"
TTY[6]="?"
TTY[7]="?"
TTY[8]="?"
TTY[9]="?"
TTY[10]="?"
TTY[11]="?"
TTY[12]="?"
TTY[13]="?"
TTY[14]="?"
TTY[15]="?"
TTY[16]="?"
TTY[17]="?"
TTY[18]="?"
TTY[19]="?"
TTY[20]="?"
TTY[21]="?"
TTY[22]="?"
TTY[23]="?"
TTY[24]="?"
TTY[25]="?"
TTY[26]="?"
TTY[27]="?"
TTY[28]="?"
TTY[29]="?"
TTY[30]="?"
TTY[31]="?"
TTY[32]="?"
TTY[33]="?"
TTY[34]="?"
TTY[35]="?"
TTY[36]="?"
TTY[37]="?"
TTY[38]="?"
TTY[39]="?"
TTY[40]="?"
TTY[41]="?"
TTY[42]="?"
TTY[43]="?"
TTY[44]="?"
TTY[45]="tty1"
TTY[46]="?"
TTY[47]="?"
TTY[48]="?"
TTY[49]="?"
TTY[50]="?"
TTY[51]="?"
TTY[52]="?"
TTY[53]="?"
TTY[54]="?"
TTY[55]="?"
TTY[56]="?"
TTY[57]="?"
TTY[58]="?"
TTY[59]="?"
TTY[60]="?"
TTY[61]="?"
TTY[62]="?"
TTY[63]="?"
TTY[64]="?"
TTY[65]="?"
TTY[66]="?"
TTY[67]="?"
TTY[68]="?"
TTY[69]="?"
TTY[70]="?"
TTY[71]="?"
TTY[72]="?"
TTY[73]="?"
TTY[74]="?"
TTY[75]="?"
TTY[76]="pts/2"
TTY[77]="?"
TTY[78]="?"
TTY[79]="pts/4"
TTY[80]="?"
TTY[81]="?"
TTY[82]="?"
TTY[83]="?"
TTY[84]="pts/1"
TTY[85]="pts/1"
TIME[0]="00:01:11"
TIME[1]="00:00:00"
TIME[2]="00:01:23"
TIME[3]="00:00:00"
TIME[4]="00:00:00"
TIME[5]="00:00:00"
TIME[6]="00:00:00"
TIME[7]="00:00:00"
TIME[8]="00:00:06"
TIME[9]="00:00:00"
TIME[10]="00:00:00"
TIME[11]="00:04:49"
TIME[12]="00:00:00"
TIME[13]="00:00:00"
TIME[14]="00:00:00"
TIME[15]="00:00:09"
TIME[16]="00:00:16"
TIME[17]="00:00:00"
TIME[18]="00:00:08"
TIME[19]="00:00:00"
TIME[20]="00:00:07"
TIME[21]="00:05:17"
TIME[22]="00:00:23"
TIME[23]="00:00:00"
TIME[24]="00:00:00"
TIME[25]="00:00:00"
TIME[26]="00:01:33"
TIME[27]="00:00:00"
TIME[28]="00:00:00"
TIME[29]="00:00:00"
TIME[30]="00:00:00"
TIME[31]="00:00:00"
TIME[32]="00:00:00"
TIME[33]="00:00:00"
TIME[34]="00:00:00"
TIME[35]="00:00:00"
TIME[36]="00:00:00"
TIME[37]="00:00:00"
TIME[38]="00:00:00"
TIME[39]="00:00:29"
TIME[40]="00:00:01"
TIME[41]="00:00:03"
TIME[42]="00:00:00"
TIME[43]="00:00:00"
TIME[44]="00:05:00"
TIME[45]="00:00:00"
TIME[46]="00:00:00"
TIME[47]="00:00:00"
TIME[48]="12:18:15"
TIME[49]="00:00:01"
TIME[50]="00:00:00"
TIME[51]="00:00:00"
TIME[52]="00:00:00"
TIME[53]="00:00:47"
TIME[54]="00:00:00"
TIME[55]="00:00:00"
TIME[56]="00:00:00"
TIME[57]="00:13:10"
TIME[58]="00:01:18"
TIME[59]="00:00:00"
TIME[60]="00:00:02"
TIME[61]="00:27:25"
TIME[62]="00:00:00"
TIME[63]="00:00:37"
TIME[64]="00:00:00"
TIME[65]="00:01:31"
TIME[66]="11:09:59"
TIME[67]="00:02:30"
TIME[68]="00:00:05"
TIME[69]="00:00:00"
TIME[70]="00:14:36"
TIME[71]="00:43:09"
TIME[72]="00:00:00"
TIME[73]="00:00:00"
TIME[74]="00:00:06"
TIME[75]="00:00:55"
TIME[76]="00:00:01"
TIME[77]="00:00:06"
TIME[78]="00:02:11"
TIME[79]="00:00:06"
TIME[80]="00:00:00"
TIME[81]="00:00:31"
TIME[82]="00:00:03"
TIME[83]="00:09:06"
TIME[84]="00:00:26"
TIME[85]="00:00:00"
CMD[0]="init [5]"
CMD[1]="[ksoftirqd/0]"
CMD[2]="[events/0]"
CMD[3]="[khelper]"
CMD[4]="[kacpid]"
CMD[5]="[kblockd/0]"
CMD[6]="[aio/0]"
CMD[7]="[khubd]"
CMD[8]="[kswapd0]"
CMD[9]="[kseriod]"
CMD[10]="[scsi_eh_0]"
CMD[11]="[kjournald]"
CMD[12]="udevd"
CMD[13]="/sbin/dhclient -1"
CMD[14]="[kjournald]"
CMD[15]="[kjournald]"
CMD[16]="syslogd -m"
CMD[17]="klogd -x"
CMD[18]="portmap"
CMD[19]="rpc.statd"
CMD[20]="rpc.idmapd"
CMD[21]="/usr/sbin/vmware-guestd --background"
CMD[22]="[rpciod]"
CMD[23]="[lockd]"
CMD[24]="ypbind"
CMD[25]="/usr/sbin/acpid"
CMD[26]="cupsd"
CMD[27]="/usr/sbin/sshd"
CMD[28]="xinetd -stayalive"
CMD[29]="rpc.rquotad"
CMD[30]="[nfsd]"
CMD[31]="[nfsd]"
CMD[32]="[nfsd]"
CMD[33]="[nfsd]"
CMD[34]="[nfsd]"
CMD[35]="[nfsd]"
CMD[36]="[nfsd]"
CMD[37]="[nfsd]"
CMD[38]="rpc.mountd"
CMD[39]="crond"
CMD[40]="xfs -droppriv"
CMD[41]="/usr/sbin/atd"
CMD[42]="dbus-daemon-1 --system"
CMD[43]="cups-config-daemon"
CMD[44]="hald"
CMD[45]="/sbin/mingetty tty1"
CMD[46]="/usr/bin/gdm-binary -nodaemon"
CMD[47]="/usr/bin/gdm-binary -nodaemon"
CMD[48]="/usr/X11R6/bin/X :0"
CMD[49]="/usr/bin/gnome-session"
CMD[50]="/usr/bin/ssh-agent -s"
CMD[51]="/usr/bin/dbus-launch --exit-with-session"
CMD[52]="dbus-daemon-1 --fork"
CMD[53]="/usr/libexec/gconfd-2 11"
CMD[54]="/usr/bin/gnome-keyring-daemon"
CMD[55]="/usr/libexec/bonobo-activation-server --ac-activate"
CMD[56]="/usr/libexec/gnome-settings-daemon --oaf-activate-iid=OAFIID:GNOME_SettingsDaemon"
CMD[57]="/usr/libexec/gam_server"
CMD[58]="xscreensaver -nosplash"
CMD[59]="/usr/bin/metacity --sm-client-id=default1"
CMD[60]="gnome-panel --sm-client-id"
CMD[61]="nautilus --no-default-window"
CMD[62]="gnome-volume-manager --sm-client-id"
CMD[63]="eggcups --sm-client-id"
CMD[64]="/usr/libexec/gnome-vfs-daemon --oaf-activate-iid=OAFIID:GNOME_VFS_Daemon_Factory"
CMD[65]="pam-panel-icon --sm-client-id"
CMD[66]="/usr/bin/python /usr/bin/rhn-applet-gui"
CMD[67]="/sbin/pam_timestamp_check -d"
CMD[68]="/usr/libexec/mapping-daemon"
CMD[69]="/usr/libexec/wnck-applet --oaf-activate-iid=OAFIID:GNOME_Wncklet_Factory"
CMD[70]="/usr/libexec/mixer_applet2 --oaf-activate-iid=OAFIID:GNOME_MixerApplet_Factory"
CMD[71]="/usr/libexec/clock-applet --oaf-activate-iid=OAFIID:GNOME_ClockApplet_Factory"
CMD[72]="/usr/libexec/notification-area-applet --oaf-activate-iid=OAFIID:GNOME_NotificationAreaApplet_Factory"
CMD[73]="/sbin/dhclient -1"
CMD[74]="sshd: kaz"
CMD[75]="sshd: kaz@pts/2"
CMD[76]="-bash"
CMD[77]="sshd: kaz"
CMD[78]="sshd: kaz@pts/4"
CMD[79]="-bash"
CMD[80]="[pdflush]"
CMD[81]="[pdflush]"
CMD[82]="sshd: kaz"
CMD[83]="sshd: kaz@pts/1"
CMD[84]="-bash"
CMD[85]="ps -ef"
