TITLE="春が来た"
ROMAJI="Haru-ga Kita"
ENGLISH="Spring has Come"
STANZA[0]="春が来た"
STANZA[1]="春が来た"
STANZA[2]="どこに来た"
STANZA[3]="山に来た"
STANZA[4]="里に来た"
STANZA[5]="野にも来た"
STANZA[6]="花が咲く"
STANZA[7]="花が咲く"
STANZA[8]="どこに咲く"
STANZA[9]="山に咲く"
STANZA[10]="里に咲く"
STANZA[11]="野にも咲く"
STANZA[12]="鳥がなく"
STANZA[13]="鳥がなく"
STANZA[14]="どこでなく"
STANZA[15]="山でなく"
STANZA[16]="里でなく"
STANZA[17]="野でもなく"
